=/pretest.json
{
  _: [],
  f: [
    '/home/runner/work/exp-schematic-transistor-xor-xnor-gate-spice-code-iiith/exp-schematic-transistor-xor-xnor-gate-spice-code-iiith/experiment/pretest.json'
  ],
  files: [
    '/home/runner/work/exp-schematic-transistor-xor-xnor-gate-spice-code-iiith/exp-schematic-transistor-xor-xnor-gate-spice-code-iiith/experiment/pretest.json'
  ],
  c: 'assessment',
  contentTypes: 'assessment',
  'content-types': 'assessment',
  '$0': 'validate'
}
Validated true
=/posttest.json
{
  _: [],
  f: [
    '/home/runner/work/exp-schematic-transistor-xor-xnor-gate-spice-code-iiith/exp-schematic-transistor-xor-xnor-gate-spice-code-iiith/experiment/posttest.json'
  ],
  files: [
    '/home/runner/work/exp-schematic-transistor-xor-xnor-gate-spice-code-iiith/exp-schematic-transistor-xor-xnor-gate-spice-code-iiith/experiment/posttest.json'
  ],
  c: 'assessment',
  contentTypes: 'assessment',
  'content-types': 'assessment',
  '$0': 'validate'
}
/questions/14/difficulty: Difficulty can only be: beginner, intermediate or advanced

/questions/15/difficulty: Difficulty can only be: beginner, intermediate or advanced

/questions/16/difficulty: Difficulty can only be: beginner, intermediate or advanced

/questions/17/difficulty: Difficulty can only be: beginner, intermediate or advanced

/questions/18/difficulty: Difficulty can only be: beginner, intermediate or advanced

Json Error: must match "then" schema
Json Error: must match "then" schema
Failed while validating /home/runner/work/exp-schematic-transistor-xor-xnor-gate-spice-code-iiith/exp-schematic-transistor-xor-xnor-gate-spice-code-iiith/experiment/posttest.json
Error: Schema is Invalid
